Foo   Bar   Baz   
==================
1     2     3     
aaaa  bbbb  cccc  
